Archive member included to satisfy reference by file (symbol)

C:/ST/STM32CubeIDE_1.11.2/STM32CubeIDE/plugins/com.st.stm32cube.ide.mcu.externaltools.gnu-tools-for-stm32.12.3.rel1.win32_1.0.100.202403111256/tools/bin/../lib/gcc/arm-none-eabi/12.3.1/../../../../arm-none-eabi/lib/thumb/v7e-m+fp/hard\libc_nano.a(libc_a-exit.o)
                              C:/ST/STM32CubeIDE_1.11.2/STM32CubeIDE/plugins/com.st.stm32cube.ide.mcu.externaltools.gnu-tools-for-stm32.12.3.rel1.win32_1.0.100.202403111256/tools/bin/../lib/gcc/arm-none-eabi/12.3.1/../../../../arm-none-eabi/lib/thumb/v7e-m+fp/hard/crt0.o (exit)
C:/ST/STM32CubeIDE_1.11.2/STM32CubeIDE/plugins/com.st.stm32cube.ide.mcu.externaltools.gnu-tools-for-stm32.12.3.rel1.win32_1.0.100.202403111256/tools/bin/../lib/gcc/arm-none-eabi/12.3.1/../../../../arm-none-eabi/lib/thumb/v7e-m+fp/hard\libc_nano.a(libc_a-findfp.o)
                              C:/ST/STM32CubeIDE_1.11.2/STM32CubeIDE/plugins/com.st.stm32cube.ide.mcu.externaltools.gnu-tools-for-stm32.12.3.rel1.win32_1.0.100.202403111256/tools/bin/../lib/gcc/arm-none-eabi/12.3.1/../../../../arm-none-eabi/lib/thumb/v7e-m+fp/hard\libc_nano.a(libc_a-exit.o) (__stdio_exit_handler)
C:/ST/STM32CubeIDE_1.11.2/STM32CubeIDE/plugins/com.st.stm32cube.ide.mcu.externaltools.gnu-tools-for-stm32.12.3.rel1.win32_1.0.100.202403111256/tools/bin/../lib/gcc/arm-none-eabi/12.3.1/../../../../arm-none-eabi/lib/thumb/v7e-m+fp/hard\libc_nano.a(libc_a-fwalk.o)
                              C:/ST/STM32CubeIDE_1.11.2/STM32CubeIDE/plugins/com.st.stm32cube.ide.mcu.externaltools.gnu-tools-for-stm32.12.3.rel1.win32_1.0.100.202403111256/tools/bin/../lib/gcc/arm-none-eabi/12.3.1/../../../../arm-none-eabi/lib/thumb/v7e-m+fp/hard\libc_nano.a(libc_a-findfp.o) (_fwalk_sglue)
C:/ST/STM32CubeIDE_1.11.2/STM32CubeIDE/plugins/com.st.stm32cube.ide.mcu.externaltools.gnu-tools-for-stm32.12.3.rel1.win32_1.0.100.202403111256/tools/bin/../lib/gcc/arm-none-eabi/12.3.1/../../../../arm-none-eabi/lib/thumb/v7e-m+fp/hard\libc_nano.a(libc_a-stdio.o)
                              C:/ST/STM32CubeIDE_1.11.2/STM32CubeIDE/plugins/com.st.stm32cube.ide.mcu.externaltools.gnu-tools-for-stm32.12.3.rel1.win32_1.0.100.202403111256/tools/bin/../lib/gcc/arm-none-eabi/12.3.1/../../../../arm-none-eabi/lib/thumb/v7e-m+fp/hard\libc_nano.a(libc_a-findfp.o) (__sread)
C:/ST/STM32CubeIDE_1.11.2/STM32CubeIDE/plugins/com.st.stm32cube.ide.mcu.externaltools.gnu-tools-for-stm32.12.3.rel1.win32_1.0.100.202403111256/tools/bin/../lib/gcc/arm-none-eabi/12.3.1/../../../../arm-none-eabi/lib/thumb/v7e-m+fp/hard\libc_nano.a(libc_a-memset.o)
                              C:/ST/STM32CubeIDE_1.11.2/STM32CubeIDE/plugins/com.st.stm32cube.ide.mcu.externaltools.gnu-tools-for-stm32.12.3.rel1.win32_1.0.100.202403111256/tools/bin/../lib/gcc/arm-none-eabi/12.3.1/../../../../arm-none-eabi/lib/thumb/v7e-m+fp/hard/crt0.o (memset)
C:/ST/STM32CubeIDE_1.11.2/STM32CubeIDE/plugins/com.st.stm32cube.ide.mcu.externaltools.gnu-tools-for-stm32.12.3.rel1.win32_1.0.100.202403111256/tools/bin/../lib/gcc/arm-none-eabi/12.3.1/../../../../arm-none-eabi/lib/thumb/v7e-m+fp/hard\libc_nano.a(libc_a-closer.o)
                              C:/ST/STM32CubeIDE_1.11.2/STM32CubeIDE/plugins/com.st.stm32cube.ide.mcu.externaltools.gnu-tools-for-stm32.12.3.rel1.win32_1.0.100.202403111256/tools/bin/../lib/gcc/arm-none-eabi/12.3.1/../../../../arm-none-eabi/lib/thumb/v7e-m+fp/hard\libc_nano.a(libc_a-stdio.o) (_close_r)
C:/ST/STM32CubeIDE_1.11.2/STM32CubeIDE/plugins/com.st.stm32cube.ide.mcu.externaltools.gnu-tools-for-stm32.12.3.rel1.win32_1.0.100.202403111256/tools/bin/../lib/gcc/arm-none-eabi/12.3.1/../../../../arm-none-eabi/lib/thumb/v7e-m+fp/hard\libc_nano.a(libc_a-reent.o)
                              C:/ST/STM32CubeIDE_1.11.2/STM32CubeIDE/plugins/com.st.stm32cube.ide.mcu.externaltools.gnu-tools-for-stm32.12.3.rel1.win32_1.0.100.202403111256/tools/bin/../lib/gcc/arm-none-eabi/12.3.1/../../../../arm-none-eabi/lib/thumb/v7e-m+fp/hard\libc_nano.a(libc_a-closer.o) (errno)
C:/ST/STM32CubeIDE_1.11.2/STM32CubeIDE/plugins/com.st.stm32cube.ide.mcu.externaltools.gnu-tools-for-stm32.12.3.rel1.win32_1.0.100.202403111256/tools/bin/../lib/gcc/arm-none-eabi/12.3.1/../../../../arm-none-eabi/lib/thumb/v7e-m+fp/hard\libc_nano.a(libc_a-impure.o)
                              C:/ST/STM32CubeIDE_1.11.2/STM32CubeIDE/plugins/com.st.stm32cube.ide.mcu.externaltools.gnu-tools-for-stm32.12.3.rel1.win32_1.0.100.202403111256/tools/bin/../lib/gcc/arm-none-eabi/12.3.1/../../../../arm-none-eabi/lib/thumb/v7e-m+fp/hard\libc_nano.a(libc_a-reent.o) (_impure_ptr)
C:/ST/STM32CubeIDE_1.11.2/STM32CubeIDE/plugins/com.st.stm32cube.ide.mcu.externaltools.gnu-tools-for-stm32.12.3.rel1.win32_1.0.100.202403111256/tools/bin/../lib/gcc/arm-none-eabi/12.3.1/../../../../arm-none-eabi/lib/thumb/v7e-m+fp/hard\libc_nano.a(libc_a-lseekr.o)
[...]
Memory Configuration

Name             Origin             Length             Attributes
RAM              0x20000000         0x00050000         xrw
RAM2             0x10000000         0x00010000         xrw
FLASH            0x08000000         0x00100000         xr
*default*        0x00000000         0xffffffff

Linker script and memory map

LOAD C:/ST/STM32CubeIDE_1.11.2/STM32CubeIDE/plugins/com.st.stm32cube.ide.mcu.externaltools.gnu-tools-for-stm32.12.3.rel1.win32_1.0.100.202403111256/tools/bin/../lib/gcc/arm-none-eabi/12.3.1/thumb/v7e-m+fp/hard/crti.o
LOAD C:/ST/STM32CubeIDE_1.11.2/STM32CubeIDE/plugins/com.st.stm32cube.ide.mcu.externaltools.gnu-tools-for-stm32.12.3.rel1.win32_1.0.100.202403111256/tools/bin/../lib/gcc/arm-none-eabi/12.3.1/thumb/v7e-m+fp/hard/crtbegin.o
LOAD C:/ST/STM32CubeIDE_1.11.2/STM32CubeIDE/plugins/com.st.stm32cube.ide.mcu.externaltools.gnu-tools-for-stm32.12.3.rel1.win32_1.0.100.202403111256/tools/bin/../lib/gcc/arm-none-eabi/12.3.1/../../../../arm-none-eabi/lib/thumb/v7e-m+fp/hard/crt0.o
LOAD ./Core/Src/main.o
LOAD ./Core/Src/my_UART.o
LOAD ./Core/Src/stm32l4xx_it.o
LOAD ./Core/Src/syscalls.o
LOAD ./Core/Src/sysmem.o
LOAD ./Core/Src/system_stm32l4xx.o
LOAD ./Core/Startup/startup_stm32l496zgtxp.o
LOAD ./Drivers/STM32L4xx_HAL_Driver/Src/stm32l4xx_ll_dma.o
LOAD ./Drivers/STM32L4xx_HAL_Driver/Src/stm32l4xx_ll_exti.o
LOAD ./Drivers/STM32L4xx_HAL_Driver/Src/stm32l4xx_ll_gpio.o
LOAD ./Drivers/STM32L4xx_HAL_Driver/Src/stm32l4xx_ll_pwr.o
LOAD ./Drivers/STM32L4xx_HAL_Driver/Src/stm32l4xx_ll_rcc.o
LOAD ./Drivers/STM32L4xx_HAL_Driver/Src/stm32l4xx_ll_usart.o
LOAD ./Drivers/STM32L4xx_HAL_Driver/Src/stm32l4xx_ll_utils.o
START GROUP
LOAD C:/ST/STM32CubeIDE_1.11.2/STM32CubeIDE/plugins/com.st.stm32cube.ide.mcu.externaltools.gnu-tools-for-stm32.12.3.rel1.win32_1.0.100.202403111256/tools/bin/../lib/gcc/arm-none-eabi/12.3.1/../../../../arm-none-eabi/lib/thumb/v7e-m+fp/hard\libc_nano.a
LOAD C:/ST/STM32CubeIDE_1.11.2/STM32CubeIDE/plugins/com.st.stm32cube.ide.mcu.externaltools.gnu-tools-for-stm32.12.3.rel1.win32_1.0.100.202403111256/tools/bin/../lib/gcc/arm-none-eabi/12.3.1/../../../../arm-none-eabi/lib/thumb/v7e-m+fp/hard\libm.a
END GROUP
START GROUP
LOAD C:/ST/STM32CubeIDE_1.11.2/STM32CubeIDE/plugins/com.st.stm32cube.ide.mcu.externaltools.gnu-tools-for-stm32.12.3.rel1.win32_1.0.100.202403111256/tools/bin/../lib/gcc/arm-none-eabi/12.3.1/thumb/v7e-m+fp/hard\libgcc.a
LOAD C:/ST/STM32CubeIDE_1.11.2/STM32CubeIDE/plugins/com.st.stm32cube.ide.mcu.externaltools.gnu-tools-for-stm32.12.3.rel1.win32_1.0.100.202403111256/tools/bin/../lib/gcc/arm-none-eabi/12.3.1/../../../../arm-none-eabi/lib/thumb/v7e-m+fp/hard\libc_nano.a
END GROUP
START GROUP
LOAD C:/ST/STM32CubeIDE_1.11.2/STM32CubeIDE/plugins/com.st.stm32cube.ide.mcu.externaltools.gnu-tools-for-stm32.12.3.rel1.win32_1.0.100.202403111256/tools/bin/../lib/gcc/arm-none-eabi/12.3.1/thumb/v7e-m+fp/hard\libgcc.a
LOAD C:/ST/STM32CubeIDE_1.11.2/STM32CubeIDE/plugins/com.st.stm32cube.ide.mcu.externaltools.gnu-tools-for-stm32.12.3.rel1.win32_1.0.100.202403111256/tools/bin/../lib/gcc/arm-none-eabi/12.3.1/../../../../arm-none-eabi/lib/thumb/v7e-m+fp/hard\libc_nano.a
LOAD C:/ST/STM32CubeIDE_1.11.2/STM32CubeIDE/plugins/com.st.stm32cube.ide.mcu.externaltools.gnu-tools-for-stm32.12.3.rel1.win32_1.0.100.202403111256/tools/bin/../lib/gcc/arm-none-eabi/12.3.1/../../../../arm-none-eabi/lib/thumb/v7e-m+fp/hard\libnosys.a
END GROUP
START GROUP
LOAD C:/ST/STM32CubeIDE_1.11.2/STM32CubeIDE/plugins/com.st.stm32cube.ide.mcu.externaltools.gnu-tools-for-stm32.12.3.rel1.win32_1.0.100.202403111256/tools/bin/../lib/gcc/arm-none-eabi/12.3.1/thumb/v7e-m+fp/hard\libgcc.a
LOAD C:/ST/STM32CubeIDE_1.11.2/STM32CubeIDE/plugins/com.st.stm32cube.ide.mcu.externaltools.gnu-tools-for-stm32.12.3.rel1.win32_1.0.100.202403111256/tools/bin/../lib/gcc/arm-none-eabi/12.3.1/../../../../arm-none-eabi/lib/thumb/v7e-m+fp/hard\libc_nano.a
LOAD C:/ST/STM32CubeIDE_1.11.2/STM32CubeIDE/plugins/com.st.stm32cube.ide.mcu.externaltools.gnu-tools-for-stm32.12.3.rel1.win32_1.0.100.202403111256/tools/bin/../lib/gcc/arm-none-eabi/12.3.1/../../../../arm-none-eabi/lib/thumb/v7e-m+fp/hard\libnosys.a
END GROUP
LOAD C:/ST/STM32CubeIDE_1.11.2/STM32CubeIDE/plugins/com.st.stm32cube.ide.mcu.externaltools.gnu-tools-for-stm32.12.3.rel1.win32_1.0.100.202403111256/tools/bin/../lib/gcc/arm-none-eabi/12.3.1/thumb/v7e-m+fp/hard/crtend.o
LOAD C:/ST/STM32CubeIDE_1.11.2/STM32CubeIDE/plugins/com.st.stm32cube.ide.mcu.externaltools.gnu-tools-for-stm32.12.3.rel1.win32_1.0.100.202403111256/tools/bin/../lib/gcc/arm-none-eabi/12.3.1/thumb/v7e-m+fp/hard/crtn.o
                0x20050000                        _estack = (ORIGIN (RAM) + LENGTH (RAM))
                0x00000200                        _Min_Heap_Size = 0x200
                0x00000400                        _Min_Stack_Size = 0x400

.isr_vector     0x08000000      0x1ac
                0x08000000                        . = ALIGN (0x4)
 *(.isr_vector)
 .isr_vector    0x08000000      0x1ac ./Core/Startup/startup_stm32l496zgtxp.o
                0x08000000                g_pfnVectors
                0x080001ac                        . = ALIGN (0x4)

.text           0x080001ac     0x1494
                0x080001ac                        . = ALIGN (0x4)
 *(.text)
 .text          0x080001ac       0x40 C:/ST/STM32CubeIDE_1.11.2/STM32CubeIDE/plugins/com.st.stm32cube.ide.mcu.externaltools.gnu-tools-for-stm32.12.3.rel1.win32_1.0.100.202403111256/tools/bin/../lib/gcc/arm-none-eabi/12.3.1/thumb/v7e-m+fp/hard/crtbegin.o
 *(.text*)
 .text.__NVIC_SetPriorityGrouping
                0x080001ec       0x48 ./Core/Src/main.o
 .text.LL_RCC_HSI_Enable
                0x08000234       0x20 ./Core/Src/main.o
 .text.LL_RCC_HSI_IsReady
                0x08000254       0x28 ./Core/Src/main.o
 .text.LL_RCC_HSI_SetCalibTrimming
                0x0800027c       0x2c ./Core/Src/main.o
 .text.LL_RCC_SetSysClkSource
                0x080002a8       0x28 ./Core/Src/main.o
 .text.LL_RCC_GetSysClkSource
                0x080002d0       0x1c ./Core/Src/main.o
 .text.LL_RCC_SetAHBPrescaler
                0x080002ec       0x28 ./Core/Src/main.o
 .text.LL_RCC_SetAPB1Prescaler
                0x08000314       0x28 ./Core/Src/main.o
 .text.LL_RCC_SetAPB2Prescaler
                0x0800033c       0x28 ./Core/Src/main.o
 .text.LL_RCC_SetUSARTClockSource
                0x08000364       0x34 ./Core/Src/main.o
 .text.LL_RCC_PLL_Enable
                0x08000398       0x20 ./Core/Src/main.o
 .text.LL_RCC_PLL_IsReady
                0x080003b8       0x28 ./Core/Src/main.o
 .text.LL_RCC_PLL_ConfigDomain_SYS
                0x080003e0       0x40 ./Core/Src/main.o
 .text.LL_RCC_PLL_EnableDomain_SYS
                0x08000420       0x20 ./Core/Src/main.o
 .text.LL_AHB2_GRP1_EnableClock
                0x08000440       0x30 ./Core/Src/main.o
 .text.LL_APB1_GRP1_EnableClock
                0x08000470       0x30 ./Core/Src/main.o
 .text.LL_APB2_GRP1_EnableClock
                0x080004a0       0x30 ./Core/Src/main.o
 .text.LL_FLASH_SetLatency
                0x080004d0       0x28 ./Core/Src/main.o
 .text.LL_FLASH_GetLatency
                0x080004f8       0x1c ./Core/Src/main.o
 .text.LL_PWR_SetRegulVoltageScaling
                0x08000514       0x28 ./Core/Src/main.o
 .text.LL_PWR_IsActiveFlag_VOS
                0x0800053c       0x28 ./Core/Src/main.o
 .text.LL_USART_Enable
                0x08000564       0x20 ./Core/Src/main.o
 .text.LL_USART_ConfigAsyncMode
                0x08000584       0x2c ./Core/Src/main.o
 .text.main     0x080005b0       0x54 ./Core/Src/main.o
                0x080005b0                main
 .text.SystemClock_Config
                0x08000604       0x9c ./Core/Src/main.o
                0x08000604                SystemClock_Config
 .text.MX_USART1_UART_Init
                0x080006a0       0xa8 ./Core/Src/main.o
 .text.MX_GPIO_Init
                0x08000748       0x14 ./Core/Src/main.o
 .text.LL_USART_IsActiveFlag_TXE
                0x0800075c       0x26 ./Core/Src/my_UART.o
 .text.LL_USART_TransmitData8
                0x08000782       0x20 ./Core/Src/my_UART.o
 *fill*         0x080007a2        0x2 
 .text.uart_write
                0x080007a4       0x30 ./Core/Src/my_UART.o
                0x080007a4                uart_write
 .text.NMI_Handler
                0x080007d4        0x8 ./Core/Src/stm32l4xx_it.o
                0x080007d4                NMI_Handler
 .text.HardFault_Handler
                0x080007dc        0x8 ./Core/Src/stm32l4xx_it.o
                0x080007dc                HardFault_Handler
 .text.MemManage_Handler
                0x080007e4        0x8 ./Core/Src/stm32l4xx_it.o
                0x080007e4                MemManage_Handler
 .text.BusFault_Handler
                0x080007ec        0x8 ./Core/Src/stm32l4xx_it.o
                0x080007ec                BusFault_Handler
 .text.UsageFault_Handler
                0x080007f4        0x8 ./Core/Src/stm32l4xx_it.o
                0x080007f4                UsageFault_Handler
 .text.SVC_Handler
                0x080007fc        0xe ./Core/Src/stm32l4xx_it.o
                0x080007fc                SVC_Handler
 .text.DebugMon_Handler
                0x0800080a        0xe ./Core/Src/stm32l4xx_it.o
                0x0800080a                DebugMon_Handler
 .text.PendSV_Handler
                0x08000818        0xe ./Core/Src/stm32l4xx_it.o
                0x08000818                PendSV_Handler
 .text.SysTick_Handler
                0x08000826        0xe ./Core/Src/stm32l4xx_it.o
                0x08000826                SysTick_Handler
 .text.SystemInit
                0x08000834       0x24 ./Core/Src/system_stm32l4xx.o
                0x08000834                SystemInit
 .text.Reset_Handler
                0x08000858       0x50 ./Core/Startup/startup_stm32l496zgtxp.o
                0x08000858                Reset_Handler
 .text.Default_Handler
                0x080008a8        0x2 ./Core/Startup/startup_stm32l496zgtxp.o
                0x080008a8                RTC_Alarm_IRQHandler
                0x080008a8                EXTI2_IRQHandler
                0x080008a8                TIM8_TRG_COM_IRQHandler
                0x080008a8                TIM8_CC_IRQHandler
                0x080008a8                TIM1_CC_IRQHandler
                0x080008a8                TSC_IRQHandler
                0x080008a8                TAMP_STAMP_IRQHandler
                0x080008a8                CAN2_RX1_IRQHandler
                0x080008a8                EXTI3_IRQHandler
                0x080008a8                LPTIM2_IRQHandler
                0x080008a8                DFSDM1_FLT1_IRQHandler
                0x080008a8                I2C3_ER_IRQHandler
                0x080008a8                DFSDM1_FLT2_IRQHandler
                0x080008a8                EXTI0_IRQHandler
                0x080008a8                I2C2_EV_IRQHandler
                0x080008a8                CAN1_RX0_IRQHandler
                0x080008a8                FPU_IRQHandler
                0x080008a8                TIM1_UP_TIM16_IRQHandler
                0x080008a8                CAN2_SCE_IRQHandler
                0x080008a8                ADC1_2_IRQHandler
                0x080008a8                SPI1_IRQHandler
                0x080008a8                TIM6_DAC_IRQHandler
                0x080008a8                DCMI_IRQHandler
                0x080008a8                CAN2_RX0_IRQHandler
                0x080008a8                TIM8_UP_IRQHandler
                0x080008a8                DMA2_Channel2_IRQHandler
                0x080008a8                DMA1_Channel4_IRQHandler
                0x080008a8                SAI2_IRQHandler
                0x080008a8                DFSDM1_FLT3_IRQHandler
                0x080008a8                USART3_IRQHandler
                0x080008a8                DMA1_Channel7_IRQHandler
                0x080008a8                CAN1_RX1_IRQHandler
                0x080008a8                LCD_IRQHandler
                0x080008a8                UART5_IRQHandler
                0x080008a8                ADC3_IRQHandler
                0x080008a8                TIM4_IRQHandler
                0x080008a8                DMA2_Channel1_IRQHandler
                0x080008a8                QUADSPI_IRQHandler
                0x080008a8                I2C1_EV_IRQHandler
                0x080008a8                DMA1_Channel6_IRQHandler
                0x080008a8                UART4_IRQHandler
                0x080008a8                DMA2_Channel4_IRQHandler
                0x080008a8                TIM3_IRQHandler
                0x080008a8                RCC_IRQHandler
                0x080008a8                DMA1_Channel1_IRQHandler
                0x080008a8                Default_Handler
                0x080008a8                DMA2_Channel7_IRQHandler
                0x080008a8                EXTI15_10_IRQHandler
                0x080008a8                TIM7_IRQHandler
                0x080008a8                SDMMC1_IRQHandler
                0x080008a8                CAN2_TX_IRQHandler
                0x080008a8                TIM5_IRQHandler
                0x080008a8                I2C3_EV_IRQHandler
                0x080008a8                EXTI9_5_IRQHandler
                0x080008a8                RTC_WKUP_IRQHandler
                0x080008a8                PVD_PVM_IRQHandler
                0x080008a8                SPI2_IRQHandler
                0x080008a8                CAN1_TX_IRQHandler
                0x080008a8                DMA2_Channel5_IRQHandler
                0x080008a8                CRS_IRQHandler
                0x080008a8                DMA1_Channel5_IRQHandler
                0x080008a8                EXTI4_IRQHandler
                0x080008a8                RNG_IRQHandler
                0x080008a8                TIM1_TRG_COM_TIM17_IRQHandler
                0x080008a8                DMA1_Channel3_IRQHandler
                0x080008a8                COMP_IRQHandler
                0x080008a8                WWDG_IRQHandler
                0x080008a8                I2C4_EV_IRQHandler
                0x080008a8                LPUART1_IRQHandler
                0x080008a8                DMA2_Channel6_IRQHandler
                0x080008a8                TIM2_IRQHandler
                0x080008a8                EXTI1_IRQHandler
                0x080008a8                USART2_IRQHandler
                0x080008a8                DFSDM1_FLT0_IRQHandler
                0x080008a8                I2C2_ER_IRQHandler
                0x080008a8                DMA1_Channel2_IRQHandler
                0x080008a8                TIM8_BRK_IRQHandler
                0x080008a8                CAN1_SCE_IRQHandler
                0x080008a8                FLASH_IRQHandler
                0x080008a8                USART1_IRQHandler
                0x080008a8                OTG_FS_IRQHandler
                0x080008a8                SPI3_IRQHandler
                0x080008a8                I2C1_ER_IRQHandler
                0x080008a8                FMC_IRQHandler
                0x080008a8                SWPMI1_IRQHandler
                0x080008a8                LPTIM1_IRQHandler
                0x080008a8                I2C4_ER_IRQHandler
                0x080008a8                SAI1_IRQHandler
                0x080008a8                DMA2_Channel3_IRQHandler
                0x080008a8                TIM1_BRK_TIM15_IRQHandler
 .text.LL_GPIO_SetPinMode
                0x080008aa       0x7a ./Drivers/STM32L4xx_HAL_Driver/Src/stm32l4xx_ll_gpio.o
 .text.LL_GPIO_SetPinOutputType
                0x08000924       0x30 ./Drivers/STM32L4xx_HAL_Driver/Src/stm32l4xx_ll_gpio.o
 .text.LL_GPIO_SetPinSpeed
                0x08000954       0x7a ./Drivers/STM32L4xx_HAL_Driver/Src/stm32l4xx_ll_gpio.o
 .text.LL_GPIO_SetPinPull
                0x080009ce       0x7a ./Drivers/STM32L4xx_HAL_Driver/Src/stm32l4xx_ll_gpio.o
 .text.LL_GPIO_SetAFPin_0_7
                0x08000a48       0x7a ./Drivers/STM32L4xx_HAL_Driver/Src/stm32l4xx_ll_gpio.o
 .text.LL_GPIO_SetAFPin_8_15
                0x08000ac2       0x7e ./Drivers/STM32L4xx_HAL_Driver/Src/stm32l4xx_ll_gpio.o
 .text.LL_GPIO_Init
                0x08000b40       0xdc ./Drivers/STM32L4xx_HAL_Driver/Src/stm32l4xx_ll_gpio.o
                0x08000b40                LL_GPIO_Init
 .text.LL_RCC_HSI_IsReady
                0x08000c1c       0x28 ./Drivers/STM32L4xx_HAL_Driver/Src/stm32l4xx_ll_rcc.o
 .text.LL_RCC_LSE_IsReady
                0x08000c44       0x28 ./Drivers/STM32L4xx_HAL_Driver/Src/stm32l4xx_ll_rcc.o
 .text.LL_RCC_MSI_IsEnabledRangeSelect
                0x08000c6c       0x24 ./Drivers/STM32L4xx_HAL_Driver/Src/stm32l4xx_ll_rcc.o
 .text.LL_RCC_MSI_GetRange
                0x08000c90       0x1c ./Drivers/STM32L4xx_HAL_Driver/Src/stm32l4xx_ll_rcc.o
 .text.LL_RCC_MSI_GetRangeAfterStandby
                0x08000cac       0x1c ./Drivers/STM32L4xx_HAL_Driver/Src/stm32l4xx_ll_rcc.o
 .text.LL_RCC_GetSysClkSource
                0x08000cc8       0x1c ./Drivers/STM32L4xx_HAL_Driver/Src/stm32l4xx_ll_rcc.o
 .text.LL_RCC_GetAHBPrescaler
                0x08000ce4       0x1c ./Drivers/STM32L4xx_HAL_Driver/Src/stm32l4xx_ll_rcc.o
 .text.LL_RCC_GetAPB1Prescaler
                0x08000d00       0x1c ./Drivers/STM32L4xx_HAL_Driver/Src/stm32l4xx_ll_rcc.o
 .text.LL_RCC_GetAPB2Prescaler
                0x08000d1c       0x1c ./Drivers/STM32L4xx_HAL_Driver/Src/stm32l4xx_ll_rcc.o
 .text.LL_RCC_GetUSARTClockSource
                0x08000d38       0x28 ./Drivers/STM32L4xx_HAL_Driver/Src/stm32l4xx_ll_rcc.o
 .text.LL_RCC_GetUARTClockSource
                0x08000d60       0x28 ./Drivers/STM32L4xx_HAL_Driver/Src/stm32l4xx_ll_rcc.o
 .text.LL_RCC_PLL_GetMainSource
                0x08000d88       0x1c ./Drivers/STM32L4xx_HAL_Driver/Src/stm32l4xx_ll_rcc.o
 .text.LL_RCC_PLL_GetN
                0x08000da4       0x1c ./Drivers/STM32L4xx_HAL_Driver/Src/stm32l4xx_ll_rcc.o
 .text.LL_RCC_PLL_GetR
                0x08000dc0       0x1c ./Drivers/STM32L4xx_HAL_Driver/Src/stm32l4xx_ll_rcc.o
 .text.LL_RCC_PLL_GetDivider
                0x08000ddc       0x1c ./Drivers/STM32L4xx_HAL_Driver/Src/stm32l4xx_ll_rcc.o
 .text.LL_RCC_GetUSARTClockFreq
                0x08000df8      0x1c4 ./Drivers/STM32L4xx_HAL_Driver/Src/stm32l4xx_ll_rcc.o
                0x08000df8                LL_RCC_GetUSARTClockFreq
 .text.LL_RCC_GetUARTClockFreq
                0x08000fbc      0x128 ./Drivers/STM32L4xx_HAL_Driver/Src/stm32l4xx_ll_rcc.o
                0x08000fbc                LL_RCC_GetUARTClockFreq
 .text.RCC_GetSystemClockFreq
                0x080010e4      0x120 ./Drivers/STM32L4xx_HAL_Driver/Src/stm32l4xx_ll_rcc.o
 .text.RCC_GetHCLKClockFreq
                0x08001204       0x2c ./Drivers/STM32L4xx_HAL_Driver/Src/stm32l4xx_ll_rcc.o
 .text.RCC_GetPCLK1ClockFreq
                0x08001230       0x28 ./Drivers/STM32L4xx_HAL_Driver/Src/stm32l4xx_ll_rcc.o
 .text.RCC_GetPCLK2ClockFreq
                0x08001258       0x28 ./Drivers/STM32L4xx_HAL_Driver/Src/stm32l4xx_ll_rcc.o
 .text.RCC_PLL_GetFreqDomain_SYS
                0x08001280      0x118 ./Drivers/STM32L4xx_HAL_Driver/Src/stm32l4xx_ll_rcc.o
 .text.LL_USART_IsEnabled
                0x08001398       0x26 ./Drivers/STM32L4xx_HAL_Driver/Src/stm32l4xx_ll_usart.o
 .text.LL_USART_SetStopBitsLength
                0x080013be       0x26 ./Drivers/STM32L4xx_HAL_Driver/Src/stm32l4xx_ll_usart.o
 .text.LL_USART_SetHWFlowCtrl
                0x080013e4       0x26 ./Drivers/STM32L4xx_HAL_Driver/Src/stm32l4xx_ll_usart.o
 .text.LL_USART_SetBaudRate
                0x0800140a       0x6e ./Drivers/STM32L4xx_HAL_Driver/Src/stm32l4xx_ll_usart.o
 .text.LL_USART_Init
                0x08001478       0xf8 ./Drivers/STM32L4xx_HAL_Driver/Src/stm32l4xx_ll_usart.o
                0x08001478                LL_USART_Init
 .text.LL_InitTick
                0x08001570       0x34 ./Drivers/STM32L4xx_HAL_Driver/Src/stm32l4xx_ll_utils.o
 .text.LL_Init1msTick
                0x080015a4       0x1a ./Drivers/STM32L4xx_HAL_Driver/Src/stm32l4xx_ll_utils.o
                0x080015a4                LL_Init1msTick
 *fill*         0x080015be        0x2 
 .text.LL_SetSystemCoreClock
                0x080015c0       0x20 ./Drivers/STM32L4xx_HAL_Driver/Src/stm32l4xx_ll_utils.o
                0x080015c0                LL_SetSystemCoreClock
 .text.__libc_init_array
                0x080015e0       0x48 C:/ST/STM32CubeIDE_1.11.2/STM32CubeIDE/plugins/com.st.stm32cube.ide.mcu.externaltools.gnu-tools-for-stm32.12.3.rel1.win32_1.0.100.202403111256/tools/bin/../lib/gcc/arm-none-eabi/12.3.1/../../../../arm-none-eabi/lib/thumb/v7e-m+fp/hard\libc_nano.a(libc_a-init.o)
                0x080015e0                __libc_init_array
 *(.glue_7)
 .glue_7        0x08001628        0x0 linker stubs
 *(.glue_7t)
 .glue_7t       0x08001628        0x0 linker stubs
 *(.eh_frame)
 .eh_frame      0x08001628        0x0 C:/ST/STM32CubeIDE_1.11.2/STM32CubeIDE/plugins/com.st.stm32cube.ide.mcu.externaltools.gnu-tools-for-stm32.12.3.rel1.win32_1.0.100.202403111256/tools/bin/../lib/gcc/arm-none-eabi/12.3.1/thumb/v7e-m+fp/hard/crtbegin.o
 *(.init)
 .init          0x08001628        0x4 C:/ST/STM32CubeIDE_1.11.2/STM32CubeIDE/plugins/com.st.stm32cube.ide.mcu.externaltools.gnu-tools-for-stm32.12.3.rel1.win32_1.0.100.202403111256/tools/bin/../lib/gcc/arm-none-eabi/12.3.1/thumb/v7e-m+fp/hard/crti.o
                0x08001628                _init
 .init          0x0800162c        0x8 C:/ST/STM32CubeIDE_1.11.2/STM32CubeIDE/plugins/com.st.stm32cube.ide.mcu.externaltools.gnu-tools-for-stm32.12.3.rel1.win32_1.0.100.202403111256/tools/bin/../lib/gcc/arm-none-eabi/12.3.1/thumb/v7e-m+fp/hard/crtn.o
 *(.fini)
 .fini          0x08001634        0x4 C:/ST/STM32CubeIDE_1.11.2/STM32CubeIDE/plugins/com.st.stm32cube.ide.mcu.externaltools.gnu-tools-for-stm32.12.3.rel1.win32_1.0.100.202403111256/tools/bin/../lib/gcc/arm-none-eabi/12.3.1/thumb/v7e-m+fp/hard/crti.o
                0x08001634                _fini
 .fini          0x08001638        0x8 C:/ST/STM32CubeIDE_1.11.2/STM32CubeIDE/plugins/com.st.stm32cube.ide.mcu.externaltools.gnu-tools-for-stm32.12.3.rel1.win32_1.0.100.202403111256/tools/bin/../lib/gcc/arm-none-eabi/12.3.1/thumb/v7e-m+fp/hard/crtn.o
                0x08001640                        . = ALIGN (0x4)
                0x08001640                        _etext = .

.vfp11_veneer   0x08001640        0x0
 .vfp11_veneer  0x08001640        0x0 linker stubs

.v4_bx          0x08001640        0x0
 .v4_bx         0x08001640        0x0 linker stubs

.iplt           0x08001640        0x0
 .iplt          0x08001640        0x0 C:/ST/STM32CubeIDE_1.11.2/STM32CubeIDE/plugins/com.st.stm32cube.ide.mcu.externaltools.gnu-tools-for-stm32.12.3.rel1.win32_1.0.100.202403111256/tools/bin/../lib/gcc/arm-none-eabi/12.3.1/thumb/v7e-m+fp/hard/crtbegin.o

.rodata         0x08001640       0x48
                0x08001640                        . = ALIGN (0x4)
 *(.rodata)
 *(.rodata*)
 .rodata.AHBPrescTable
                0x08001640       0x10 ./Core/Src/system_stm32l4xx.o
                0x08001640                AHBPrescTable
 .rodata.APBPrescTable
                0x08001650        0x8 ./Core/Src/system_stm32l4xx.o
                0x08001650                APBPrescTable
 .rodata.MSIRangeTable
                0x08001658       0x30 ./Core/Src/system_stm32l4xx.o
                0x08001658                MSIRangeTable
                0x08001688                        . = ALIGN (0x4)

.ARM.extab      0x08001688        0x0
                0x08001688                        . = ALIGN (0x4)
 *(.ARM.extab* .gnu.linkonce.armextab.*)
                0x08001688                        . = ALIGN (0x4)

.ARM            0x08001688        0x0
                0x08001688                        . = ALIGN (0x4)
                0x08001688                        __exidx_start = .
 *(.ARM.exidx*)
                0x08001688                        __exidx_end = .
                0x08001688                        . = ALIGN (0x4)

.preinit_array  0x08001688        0x0
                0x08001688                        . = ALIGN (0x4)
                0x08001688                        PROVIDE (__preinit_array_start = .)
 *(.preinit_array*)
                0x08001688                        PROVIDE (__preinit_array_end = .)
                0x08001688                        . = ALIGN (0x4)

.init_array     0x08001688        0x4
                0x08001688                        . = ALIGN (0x4)
                0x08001688                        PROVIDE (__init_array_start = .)
 *(SORT_BY_NAME(.init_array.*))
 *(.init_array*)
 .init_array    0x08001688        0x4 C:/ST/STM32CubeIDE_1.11.2/STM32CubeIDE/plugins/com.st.stm32cube.ide.mcu.externaltools.gnu-tools-for-stm32.12.3.rel1.win32_1.0.100.202403111256/tools/bin/../lib/gcc/arm-none-eabi/12.3.1/thumb/v7e-m+fp/hard/crtbegin.o
                0x0800168c                        PROVIDE (__init_array_end = .)
                0x0800168c                        . = ALIGN (0x4)

.fini_array     0x0800168c        0x4
                0x0800168c                        . = ALIGN (0x4)
                [!provide]                        PROVIDE (__fini_array_start = .)
 *(SORT_BY_NAME(.fini_array.*))
 *(.fini_array*)
 .fini_array    0x0800168c        0x4 C:/ST/STM32CubeIDE_1.11.2/STM32CubeIDE/plugins/com.st.stm32cube.ide.mcu.externaltools.gnu-tools-for-stm32.12.3.rel1.win32_1.0.100.202403111256/tools/bin/../lib/gcc/arm-none-eabi/12.3.1/thumb/v7e-m+fp/hard/crtbegin.o
                [!provide]                        PROVIDE (__fini_array_end = .)
                0x08001690                        . = ALIGN (0x4)
                0x08001690                        _sidata = LOADADDR (.data)

.rel.dyn        0x08001690        0x0
 .rel.iplt      0x08001690        0x0 C:/ST/STM32CubeIDE_1.11.2/STM32CubeIDE/plugins/com.st.stm32cube.ide.mcu.externaltools.gnu-tools-for-stm32.12.3.rel1.win32_1.0.100.202403111256/tools/bin/../lib/gcc/arm-none-eabi/12.3.1/thumb/v7e-m+fp/hard/crtbegin.o

.data           0x20000000      0x10c load address 0x08001690
                0x20000000                        . = ALIGN (0x4)
                0x20000000                        _sdata = .
 *(.data)
 *(.data*)
 .data.usart_dev
                0x20000000      0x104 ./Core/Src/main.o
                0x20000000                usart_dev
 .data.dev      0x20000104        0x4 ./Core/Src/main.o
                0x20000104                dev
 .data.SystemCoreClock
                0x20000108        0x4 ./Core/Src/system_stm32l4xx.o
                0x20000108                SystemCoreClock
 *(.RamFunc)
 *(.RamFunc*)
                0x2000010c                        . = ALIGN (0x4)
                0x2000010c                        _edata = .

.igot.plt       0x2000010c        0x0 load address 0x0800179c
 .igot.plt      0x2000010c        0x0 C:/ST/STM32CubeIDE_1.11.2/STM32CubeIDE/plugins/com.st.stm32cube.ide.mcu.externaltools.gnu-tools-for-stm32.12.3.rel1.win32_1.0.100.202403111256/tools/bin/../lib/gcc/arm-none-eabi/12.3.1/thumb/v7e-m+fp/hard/crtbegin.o
                0x2000010c                        . = ALIGN (0x4)

.bss            0x2000010c       0x1c load address 0x0800179c
                0x2000010c                        _sbss = .
                0x2000010c                        __bss_start__ = _sbss
 *(.bss)
 .bss           0x2000010c       0x1c C:/ST/STM32CubeIDE_1.11.2/STM32CubeIDE/plugins/com.st.stm32cube.ide.mcu.externaltools.gnu-tools-for-stm32.12.3.rel1.win32_1.0.100.202403111256/tools/bin/../lib/gcc/arm-none-eabi/12.3.1/thumb/v7e-m+fp/hard/crtbegin.o
 *(.bss*)
 *(COMMON)
                0x20000128                        . = ALIGN (0x4)
                0x20000128                        _ebss = .
                0x20000128                        __bss_end__ = _ebss

._user_heap_stack
                0x20000128      0x600 load address 0x0800179c
                0x20000128                        . = ALIGN (0x8)
                [!provide]                        PROVIDE (end = .)
                0x20000128                        PROVIDE (_end = .)
                0x20000328                        . = (. + _Min_Heap_Size)
 *fill*         0x20000128      0x200 
                0x20000728                        . = (. + _Min_Stack_Size)
 *fill*         0x20000328      0x400 
                0x20000728                        . = ALIGN (0x8)

/DISCARD/
 libc.a(*)
 libm.a(*)
 libgcc.a(*)

.ARM.attributes
                0x00000000       0x30
 *(.ARM.attributes)
 .ARM.attributes
                0x00000000       0x22 C:/ST/STM32CubeIDE_1.11.2/STM32CubeIDE/plugins/com.st.stm32cube.ide.mcu.externaltools.gnu-tools-for-stm32.12.3.rel1.win32_1.0.100.202403111256/tools/bin/../lib/gcc/arm-none-eabi/12.3.1/thumb/v7e-m+fp/hard/crti.o
 .ARM.attributes
                0x00000022       0x34 C:/ST/STM32CubeIDE_1.11.2/STM32CubeIDE/plugins/com.st.stm32cube.ide.mcu.externaltools.gnu-tools-for-stm32.12.3.rel1.win32_1.0.100.202403111256/tools/bin/../lib/gcc/arm-none-eabi/12.3.1/thumb/v7e-m+fp/hard/crtbegin.o
 .ARM.attributes
                0x00000056       0x34 ./Core/Src/main.o
 .ARM.attributes
                0x0000008a       0x34 ./Core/Src/my_UART.o
 .ARM.attributes
                0x000000be       0x34 ./Core/Src/stm32l4xx_it.o
 .ARM.attributes
                0x000000f2       0x34 ./Core/Src/system_stm32l4xx.o
 .ARM.attributes
                0x00000126       0x21 ./Core/Startup/startup_stm32l496zgtxp.o
 .ARM.attributes
                0x00000147       0x34 ./Drivers/STM32L4xx_HAL_Driver/Src/stm32l4xx_ll_gpio.o
 .ARM.attributes
                0x0000017b       0x34 ./Drivers/STM32L4xx_HAL_Driver/Src/stm32l4xx_ll_rcc.o
 .ARM.attributes
                0x000001af       0x34 ./Drivers/STM32L4xx_HAL_Driver/Src/stm32l4xx_ll_usart.o
 .ARM.attributes
                0x000001e3       0x34 ./Drivers/STM32L4xx_HAL_Driver/Src/stm32l4xx_ll_utils.o
 .ARM.attributes
                0x00000217       0x34 C:/ST/STM32CubeIDE_1.11.2/STM32CubeIDE/plugins/com.st.stm32cube.ide.mcu.externaltools.gnu-tools-for-stm32.12.3.rel1.win32_1.0.100.202403111256/tools/bin/../lib/gcc/arm-none-eabi/12.3.1/../../../../arm-none-eabi/lib/thumb/v7e-m+fp/hard\libc_nano.a(libc_a-init.o)
 .ARM.attributes
                0x0000024b       0x22 C:/ST/STM32CubeIDE_1.11.2/STM32CubeIDE/plugins/com.st.stm32cube.ide.mcu.externaltools.gnu-tools-for-stm32.12.3.rel1.win32_1.0.100.202403111256/tools/bin/../lib/gcc/arm-none-eabi/12.3.1/thumb/v7e-m+fp/hard/crtn.o
OUTPUT(LL_USART_TX_RX.elf elf32-littlearm)
LOAD linker stubs
LOAD C:/ST/STM32CubeIDE_1.11.2/STM32CubeIDE/plugins/com.st.stm32cube.ide.mcu.externaltools.gnu-tools-for-stm32.12.3.rel1.win32_1.0.100.202403111256/tools/bin/../lib/gcc/arm-none-eabi/12.3.1/../../../../arm-none-eabi/lib/thumb/v7e-m+fp/hard\libc.a
LOAD C:/ST/STM32CubeIDE_1.11.2/STM32CubeIDE/plugins/com.st.stm32cube.ide.mcu.externaltools.gnu-tools-for-stm32.12.3.rel1.win32_1.0.100.202403111256/tools/bin/../lib/gcc/arm-none-eabi/12.3.1/../../../../arm-none-eabi/lib/thumb/v7e-m+fp/hard\libm.a
LOAD C:/ST/STM32CubeIDE_1.11.2/STM32CubeIDE/plugins/com.st.stm32cube.ide.mcu.externaltools.gnu-tools-for-stm32.12.3.rel1.win32_1.0.100.202403111256/tools/bin/../lib/gcc/arm-none-eabi/12.3.1/thumb/v7e-m+fp/hard\libgcc.a

.debug_info     0x00000000     0x44bb
 .debug_info    0x00000000      0xf49 ./Core/Src/main.o
 .debug_info    0x00000f49      0x25e ./Core/Src/my_UART.o
 .debug_info    0x000011a7      0x145 ./Core/Src/stm32l4xx_it.o
 .debug_info    0x000012ec      0x5c6 ./Core/Src/system_stm32l4xx.o
 .debug_info    0x000018b2       0x30 ./Core/Startup/startup_stm32l496zgtxp.o
 .debug_info    0x000018e2      0x957 ./Drivers/STM32L4xx_HAL_Driver/Src/stm32l4xx_ll_gpio.o
 .debug_info    0x00002239      0xe6d ./Drivers/STM32L4xx_HAL_Driver/Src/stm32l4xx_ll_rcc.o
 .debug_info    0x000030a6      0x79f ./Drivers/STM32L4xx_HAL_Driver/Src/stm32l4xx_ll_usart.o
 .debug_info    0x00003845      0xc76 ./Drivers/STM32L4xx_HAL_Driver/Src/stm32l4xx_ll_utils.o

.debug_abbrev   0x00000000      0xe34
 .debug_abbrev  0x00000000      0x2c1 ./Core/Src/main.o
 .debug_abbrev  0x000002c1      0x134 ./Core/Src/my_UART.o
 .debug_abbrev  0x000003f5       0x80 ./Core/Src/stm32l4xx_it.o
 .debug_abbrev  0x00000475      0x11a ./Core/Src/system_stm32l4xx.o
 .debug_abbrev  0x0000058f       0x24 ./Core/Startup/startup_stm32l496zgtxp.o
 .debug_abbrev  0x000005b3      0x235 ./Drivers/STM32L4xx_HAL_Driver/Src/stm32l4xx_ll_gpio.o
 .debug_abbrev  0x000007e8      0x221 ./Drivers/STM32L4xx_HAL_Driver/Src/stm32l4xx_ll_rcc.o
 .debug_abbrev  0x00000a09      0x1cc ./Drivers/STM32L4xx_HAL_Driver/Src/stm32l4xx_ll_usart.o
 .debug_abbrev  0x00000bd5      0x25f ./Drivers/STM32L4xx_HAL_Driver/Src/stm32l4xx_ll_utils.o

.debug_aranges  0x00000000      0x698
 .debug_aranges
                0x00000000       0xf8 ./Core/Src/main.o
 .debug_aranges
                0x000000f8       0x30 ./Core/Src/my_UART.o
 .debug_aranges
                0x00000128       0x60 ./Core/Src/stm32l4xx_it.o
 .debug_aranges
                0x00000188       0x28 ./Core/Src/system_stm32l4xx.o
 .debug_aranges
                0x000001b0       0x28 ./Core/Startup/startup_stm32l496zgtxp.o
 .debug_aranges
                0x000001d8       0x70 ./Drivers/STM32L4xx_HAL_Driver/Src/stm32l4xx_ll_gpio.o
 .debug_aranges
                0x00000248      0x290 ./Drivers/STM32L4xx_HAL_Driver/Src/stm32l4xx_ll_rcc.o
 .debug_aranges
                0x000004d8       0x88 ./Drivers/STM32L4xx_HAL_Driver/Src/stm32l4xx_ll_usart.o
 .debug_aranges
                0x00000560      0x138 ./Drivers/STM32L4xx_HAL_Driver/Src/stm32l4xx_ll_utils.o

.debug_rnglists
                0x00000000      0x4e3
 .debug_rnglists
                0x00000000       0xb7 ./Core/Src/main.o
 .debug_rnglists
                0x000000b7       0x1f ./Core/Src/my_UART.o
 .debug_rnglists
                0x000000d6       0x43 ./Core/Src/stm32l4xx_it.o
 .debug_rnglists
                0x00000119       0x1a ./Core/Src/system_stm32l4xx.o
 .debug_rnglists
                0x00000133       0x19 ./Core/Startup/startup_stm32l496zgtxp.o
 .debug_rnglists
                0x0000014c       0x51 ./Drivers/STM32L4xx_HAL_Driver/Src/stm32l4xx_ll_gpio.o
 .debug_rnglists
                0x0000019d      0x1fb ./Drivers/STM32L4xx_HAL_Driver/Src/stm32l4xx_ll_rcc.o
 .debug_rnglists
                0x00000398       0x63 ./Drivers/STM32L4xx_HAL_Driver/Src/stm32l4xx_ll_usart.o
 .debug_rnglists
                0x000003fb       0xe8 ./Drivers/STM32L4xx_HAL_Driver/Src/stm32l4xx_ll_utils.o

.debug_macro    0x00000000    0x21a59
 .debug_macro   0x00000000      0x15a ./Core/Src/main.o
 .debug_macro   0x0000015a      0xb02 ./Core/Src/main.o
 .debug_macro   0x00000c5c       0x2e ./Core/Src/main.o
 .debug_macro   0x00000c8a       0x28 ./Core/Src/main.o
 .debug_macro   0x00000cb2       0x22 ./Core/Src/main.o
 .debug_macro   0x00000cd4       0x8e ./Core/Src/main.o
 .debug_macro   0x00000d62       0x51 ./Core/Src/main.o
 .debug_macro   0x00000db3      0x103 ./Core/Src/main.o
 .debug_macro   0x00000eb6       0x6a ./Core/Src/main.o
 .debug_macro   0x00000f20      0x1df ./Core/Src/main.o
 .debug_macro   0x000010ff       0x1c ./Core/Src/main.o
 .debug_macro   0x0000111b       0x22 ./Core/Src/main.o
 .debug_macro   0x0000113d       0xfb ./Core/Src/main.o
 .debug_macro   0x00001238     0x1011 ./Core/Src/main.o
 .debug_macro   0x00002249      0x11f ./Core/Src/main.o
 .debug_macro   0x00002368    0x1c1e2 ./Core/Src/main.o
 .debug_macro   0x0001e54a       0x6d ./Core/Src/main.o
 .debug_macro   0x0001e5b7       0xca ./Core/Src/main.o
 .debug_macro   0x0001e681      0x9a0 ./Core/Src/main.o
 .debug_macro   0x0001f021      0x1ed ./Core/Src/main.o
 .debug_macro   0x0001f20e      0x3f0 ./Core/Src/main.o
 .debug_macro   0x0001f5fe      0x16a ./Core/Src/main.o
 .debug_macro   0x0001f768      0x1a6 ./Core/Src/main.o
 .debug_macro   0x0001f90e       0xa7 ./Core/Src/main.o
 .debug_macro   0x0001f9b5      0x20e ./Core/Src/main.o
 .debug_macro   0x0001fbc3      0x2cb ./Core/Src/main.o
 .debug_macro   0x0001fe8e      0x30c ./Core/Src/main.o
 .debug_macro   0x0002019a      0x169 ./Core/Src/main.o
 .debug_macro   0x00020303       0x22 ./Core/Src/main.o
 .debug_macro   0x00020325      0x156 ./Core/Src/my_UART.o
 .debug_macro   0x0002047b      0x150 ./Core/Src/stm32l4xx_it.o
 .debug_macro   0x000205cb       0xce ./Core/Src/system_stm32l4xx.o
 .debug_macro   0x00020699      0x110 ./Drivers/STM32L4xx_HAL_Driver/Src/stm32l4xx_ll_gpio.o
 .debug_macro   0x000207a9      0x163 ./Drivers/STM32L4xx_HAL_Driver/Src/stm32l4xx_ll_gpio.o
 .debug_macro   0x0002090c      0x12b ./Drivers/STM32L4xx_HAL_Driver/Src/stm32l4xx_ll_rcc.o
 .debug_macro   0x00020a37      0x99a ./Drivers/STM32L4xx_HAL_Driver/Src/stm32l4xx_ll_rcc.o
 .debug_macro   0x000213d1      0x143 ./Drivers/STM32L4xx_HAL_Driver/Src/stm32l4xx_ll_usart.o
 .debug_macro   0x00021514      0x306 ./Drivers/STM32L4xx_HAL_Driver/Src/stm32l4xx_ll_usart.o
 .debug_macro   0x0002181a      0x19e ./Drivers/STM32L4xx_HAL_Driver/Src/stm32l4xx_ll_utils.o
 .debug_macro   0x000219b8       0xa1 ./Drivers/STM32L4xx_HAL_Driver/Src/stm32l4xx_ll_utils.o

.debug_line     0x00000000     0x526f
 .debug_line    0x00000000      0xa24 ./Core/Src/main.o
 .debug_line    0x00000a24      0x680 ./Core/Src/my_UART.o
 .debug_line    0x000010a4      0x6e4 ./Core/Src/stm32l4xx_it.o
 .debug_line    0x00001788      0x593 ./Core/Src/system_stm32l4xx.o
 .debug_line    0x00001d1b       0x7a ./Core/Startup/startup_stm32l496zgtxp.o
 .debug_line    0x00001d95      0x84e ./Drivers/STM32L4xx_HAL_Driver/Src/stm32l4xx_ll_gpio.o
 .debug_line    0x000025e3     0x1945 ./Drivers/STM32L4xx_HAL_Driver/Src/stm32l4xx_ll_rcc.o
 .debug_line    0x00003f28      0x79c ./Drivers/STM32L4xx_HAL_Driver/Src/stm32l4xx_ll_usart.o
 .debug_line    0x000046c4      0xbab ./Drivers/STM32L4xx_HAL_Driver/Src/stm32l4xx_ll_utils.o

.debug_str      0x00000000    0xba335
 .debug_str     0x00000000    0xb772c ./Core/Src/main.o
                              0xb7954 (size before relaxing)
 .debug_str     0x000b772c       0x47 ./Core/Src/my_UART.o
                              0xb72b5 (size before relaxing)
 .debug_str     0x000b7773       0xbd ./Core/Src/stm32l4xx_it.o
                              0xb728b (size before relaxing)
 .debug_str     0x000b7830       0x8e ./Core/Src/system_stm32l4xx.o
                              0xa9302 (size before relaxing)
 .debug_str     0x000b78be       0x45 ./Core/Startup/startup_stm32l496zgtxp.o
                                 0x6e (size before relaxing)
 .debug_str     0x000b7903      0x691 ./Drivers/STM32L4xx_HAL_Driver/Src/stm32l4xx_ll_gpio.o
                              0xaadfd (size before relaxing)
 .debug_str     0x000b7f94      0xe3b ./Drivers/STM32L4xx_HAL_Driver/Src/stm32l4xx_ll_rcc.o
                              0xaffcf (size before relaxing)
 .debug_str     0x000b8dcf      0x883 ./Drivers/STM32L4xx_HAL_Driver/Src/stm32l4xx_ll_usart.o
                              0xb1851 (size before relaxing)
 .debug_str     0x000b9652      0xce3 ./Drivers/STM32L4xx_HAL_Driver/Src/stm32l4xx_ll_utils.o
                              0xb2b1d (size before relaxing)

.comment        0x00000000       0x43
 .comment       0x00000000       0x43 ./Core/Src/main.o
                                 0x44 (size before relaxing)
 .comment       0x00000043       0x44 ./Core/Src/my_UART.o
 .comment       0x00000043       0x44 ./Core/Src/stm32l4xx_it.o
 .comment       0x00000043       0x44 ./Core/Src/system_stm32l4xx.o
 .comment       0x00000043       0x44 ./Drivers/STM32L4xx_HAL_Driver/Src/stm32l4xx_ll_gpio.o
 .comment       0x00000043       0x44 ./Drivers/STM32L4xx_HAL_Driver/Src/stm32l4xx_ll_rcc.o
 .comment       0x00000043       0x44 ./Drivers/STM32L4xx_HAL_Driver/Src/stm32l4xx_ll_usart.o
 .comment       0x00000043       0x44 ./Drivers/STM32L4xx_HAL_Driver/Src/stm32l4xx_ll_utils.o

.debug_frame    0x00000000     0x19ec
 .debug_frame   0x00000000      0x3fc ./Core/Src/main.o
 .debug_frame   0x000003fc       0x84 ./Core/Src/my_UART.o
 .debug_frame   0x00000480      0x108 ./Core/Src/stm32l4xx_it.o
 .debug_frame   0x00000588       0x58 ./Core/Src/system_stm32l4xx.o
 .debug_frame   0x000005e0      0x1c0 ./Drivers/STM32L4xx_HAL_Driver/Src/stm32l4xx_ll_gpio.o
 .debug_frame   0x000007a0      0xaf0 ./Drivers/STM32L4xx_HAL_Driver/Src/stm32l4xx_ll_rcc.o
 .debug_frame   0x00001290      0x234 ./Drivers/STM32L4xx_HAL_Driver/Src/stm32l4xx_ll_usart.o
 .debug_frame   0x000014c4      0x4fc ./Drivers/STM32L4xx_HAL_Driver/Src/stm32l4xx_ll_utils.o
 .debug_frame   0x000019c0       0x2c C:/ST/STM32CubeIDE_1.11.2/STM32CubeIDE/plugins/com.st.stm32cube.ide.mcu.externaltools.gnu-tools-for-stm32.12.3.rel1.win32_1.0.100.202403111256/tools/bin/../lib/gcc/arm-none-eabi/12.3.1/../../../../arm-none-eabi/lib/thumb/v7e-m+fp/hard\libc_nano.a(libc_a-init.o)

.debug_line_str
                0x00000000       0x52
 .debug_line_str
                0x00000000       0x52 ./Core/Startup/startup_stm32l496zgtxp.o
