C:/Users/ronakkumar_sharma/Optical_Project/Drivers/STM32L4xx_HAL_Driver/Inc/stm32l4xx_ll_bus.h:563:22:LL_AHB2_GRP1_EnableClock	24	static
C:/Users/ronakkumar_sharma/Optical_Project/Drivers/STM32L4xx_HAL_Driver/Inc/stm32l4xx_ll_bus.h:1673:22:LL_APB2_GRP1_EnableClock	24	static
C:/Users/ronakkumar_sharma/Optical_Project/Drivers/STM32L4xx_HAL_Driver/Inc/stm32l4xx_ll_usart.h:693:22:LL_USART_Enable	16	static
C:/Users/ronakkumar_sharma/Optical_Project/Drivers/STM32L4xx_HAL_Driver/Inc/stm32l4xx_ll_usart.h:707:22:LL_USART_Disable	16	static
C:/Users/ronakkumar_sharma/Optical_Project/Drivers/STM32L4xx_HAL_Driver/Inc/stm32l4xx_ll_usart.h:978:22:LL_USART_EnableDirectionTx	40	static,ignoring_inline_asm
C:/Users/ronakkumar_sharma/Optical_Project/Drivers/STM32L4xx_HAL_Driver/Inc/stm32l4xx_ll_usart.h:1007:22:LL_USART_SetTransferDirection	40	static,ignoring_inline_asm
C:/Users/ronakkumar_sharma/Optical_Project/Drivers/STM32L4xx_HAL_Driver/Inc/stm32l4xx_ll_usart.h:1452:22:LL_USART_ConfigCharacter	24	static
C:/Users/ronakkumar_sharma/Optical_Project/Drivers/STM32L4xx_HAL_Driver/Inc/stm32l4xx_ll_usart.h:1988:22:LL_USART_SetBaudRate	32	static
C:/Users/ronakkumar_sharma/Optical_Project/Drivers/STM32L4xx_HAL_Driver/Inc/stm32l4xx_ll_usart.h:3187:26:LL_USART_IsActiveFlag_TXE	16	static
C:/Users/ronakkumar_sharma/Optical_Project/Drivers/STM32L4xx_HAL_Driver/Inc/stm32l4xx_ll_usart.h:4566:22:LL_USART_TransmitData8	16	static
C:/Users/ronakkumar_sharma/Optical_Project/Drivers/STM32L4xx_HAL_Driver/Inc/stm32l4xx_ll_gpio.h:285:22:LL_GPIO_SetPinMode	48	static,ignoring_inline_asm
C:/Users/ronakkumar_sharma/Optical_Project/Drivers/STM32L4xx_HAL_Driver/Inc/stm32l4xx_ll_gpio.h:568:22:LL_GPIO_SetAFPin_0_7	48	static,ignoring_inline_asm
../Src/my_UART.c:11:6:usart1_init	8	static
../Src/my_UART.c:39:6:usart1_write	16	static
