02:50:55 **** Incremental Build of configuration Debug for project LL_USART_TX_RX ****
make -j16 all 
arm-none-eabi-gcc "../Core/Src/main.c" -mcpu=cortex-m4 -std=gnu11 -g3 -DDEBUG -DSTM32L496xx -DUSE_FULL_LL_DRIVER -DHSE_VALUE=8000000 -DHSE_STARTUP_TIMEOUT=100 -DLSE_STARTUP_TIMEOUT=5000 -DLSE_VALUE=32768 -DMSI_VALUE=24000000 -DEXTERNALSAI1_CLOCK_VALUE=2097000 -DEXTERNALSAI2_CLOCK_VALUE=2097000 -DHSI_VALUE=16000000 -DLSI_VALUE=32000 -DVDD_VALUE=3300 -DPREFETCH_ENABLE=0 -DINSTRUCTION_CACHE_ENABLE=1 -DDATA_CACHE_ENABLE=1 -c -I../Core/Inc -I../Drivers/STM32L4xx_HAL_Driver/Inc -I../Drivers/CMSIS/Device/ST/STM32L4xx/Include -I../Drivers/CMSIS/Include -O0 -ffunction-sections -fdata-sections -Wall -fstack-usage -fcyclomatic-complexity -MMD -MP -MF"Core/Src/main.d" -MT"Core/Src/main.o" --specs=nano.specs -mfpu=fpv4-sp-d16 -mfloat-abi=hard -mthumb -o "Core/Src/main.o"
arm-none-eabi-gcc -o "LL_USART_TX_RX.elf" @"objects.list"   -mcpu=cortex-m4 -T"D:\Edu\ST_WorkSpace\Ronak_Repo\LL_USART_TX_RX\STM32L496ZGTXP_FLASH.ld" --specs=nosys.specs -Wl,-Map="LL_USART_TX_RX.map" -Wl,--gc-sections -static --specs=nano.specs -mfpu=fpv4-sp-d16 -mfloat-abi=hard -mthumb -Wl,--start-group -lc -lm -Wl,--end-group
Finished building target: LL_USART_TX_RX.elf
 
arm-none-eabi-size  LL_USART_TX_RX.elf 
arm-none-eabi-objdump -h -S LL_USART_TX_RX.elf  > "LL_USART_TX_RX.list"
   text	   data	    bss	    dec	    hex	filename
   7252	    268	   1564	   9084	   237c	LL_USART_TX_RX.elf
Finished building: default.size.stdout
 
Finished building: LL_USART_TX_RX.list
 

02:50:55 Build Finished. 0 errors, 0 warnings. (took 632ms)

